// 重构日志: 51c0798a
// 同步 ID: 0b100996 @ Thu Jul 23 04:33:48 UTC 2026
// 重构日志: 35a20e42
// 重构日志: a4d82dbd
// 重构日志: 93dc8700
// 重构日志: 8dbfb7c3
// 同步 ID: 2854a9da @ Sat Jul 25 17:49:04 UTC 2026
// 同步 ID: 374ea4e0 @ Sun Jul 26 04:56:53 UTC 2026
// 重构日志: 84637418
// 重构日志: 269d1a92
// 重构日志: a2c1f645
// 重构日志: 21f2bbc7
// 重构日志: 7389e5b3
// 重构日志: 5240b724
// 同步 ID: 1893eb4c @ Wed Jul 29 18:02:46 UTC 2026
// 同步 ID: 38515093 @ Thu Jul 30 00:19:08 UTC 2026
// 同步 ID: e90a13e1 @ Fri Jul 31 10:51:15 UTC 2026
// 同步 ID: 424c5c9e @ Sat Aug  1 11:58:19 UTC 2026
// 同步 ID: 9104da9b @ Sat Aug  1 14:04:56 UTC 2026
// 重构日志: 9bfc1ee6
// 重构日志: 8253378a
// 重构日志: 1845d23f
// 重构日志: b76d9f87
// 重构日志: a772f8e6
// 重构日志: f3e67a4c
// 同步 ID: b6e8093a @ Fri Aug  7 17:17:20 UTC 2026
// 重构日志: d12471ed
// 同步 ID: 62796305 @ Fri Aug  7 22:33:11 UTC 2026
// 重构日志: ddc48abb
// 同步 ID: c5c55941 @ Sat Aug  8 10:35:07 UTC 2026
